Flutter crash report.
Please report a bug at https://github.com/flutter/flutter/issues.

## command

flutter build windows --debug

## exception

PathExistsException: PathExistsException: Cannot create link, path = 'E:\Classroom\procect\tima_one\windows\flutter\ephemeral\.plugin_symlinks\path_provider_windows' (OS Error: Cannot create a file when that file already exists.
, errno = 183)

```
#0      _Link.throwIfError (dart:io/link.dart:357:7)
#1      _Link.createSync (dart:io/link.dart:275:5)
#2      ForwardingLink.createSync (package:file/src/forwarding/forwarding_link.dart:20:16)
#3      ForwardingLink.createSync (package:file/src/forwarding/forwarding_link.dart:20:16)
#4      _createPlatformPluginSymlinks (package:flutter_tools/src/flutter_plugins.dart:1132:12)
#5      createPluginSymlinks (package:flutter_tools/src/flutter_plugins.dart:1048:5)
#6      buildWindows (package:flutter_tools/src/windows/build_windows.dart:81:3)
<asynchronous suspension>
#7      BuildWindowsCommand.runCommand (package:flutter_tools/src/commands/build_windows.dart:67:5)
<asynchronous suspension>
#8      FlutterCommand.run.<anonymous closure> (package:flutter_tools/src/runner/flutter_command.dart:1563:27)
<asynchronous suspension>
#9      AppContext.run.<anonymous closure> (package:flutter_tools/src/base/context.dart:154:19)
<asynchronous suspension>
#10     CommandRunner.runCommand (package:args/command_runner.dart:212:13)
<asynchronous suspension>
#11     FlutterCommandRunner.runCommand.<anonymous closure> (package:flutter_tools/src/runner/flutter_command_runner.dart:494:9)
<asynchronous suspension>
#12     AppContext.run.<anonymous closure> (package:flutter_tools/src/base/context.dart:154:19)
<asynchronous suspension>
#13     FlutterCommandRunner.runCommand (package:flutter_tools/src/runner/flutter_command_runner.dart:431:5)
<asynchronous suspension>
#14     run.<anonymous closure>.<anonymous closure> (package:flutter_tools/runner.dart:98:11)
<asynchronous suspension>
#15     AppContext.run.<anonymous closure> (package:flutter_tools/src/base/context.dart:154:19)
<asynchronous suspension>
#16     main (package:flutter_tools/executable.dart:102:3)
<asynchronous suspension>
```

## flutter doctor

```
[✓] Flutter (Channel stable, 3.32.8, on Microsoft Windows [Version 10.0.19045.6466], locale ar-SA) [894ms]
    • Flutter version 3.32.8 on channel stable at C:\flutter\flutter
    • Upstream repository https://github.com/flutter/flutter.git
    • Framework revision edada7c56e (10 months ago), 2025-07-25 14:08:03 +0000
    • Engine revision ef0cd00091
    • Dart version 3.8.1
    • DevTools version 2.45.1

[✓] Windows Version (‏‏ 10 Pro 64-bit, 22H2, 2009) [4.7s]

[✓] Android toolchain - develop for Android devices (Android SDK version 36.1.0-rc1) [14.8s]
    • Android SDK at C:\Users\Baraa\AppData\Local\Android\sdk
    • Platform android-36, build-tools 36.1.0-rc1
    • Java binary at: C:\Program Files\Eclipse Adoptium\jdk-17.0.16.8-hotspot\bin\java
      This JDK is specified in your Flutter configuration.
      To change the current JDK, run: `flutter config --jdk-dir="path/to/jdk"`.
    • Java version OpenJDK Runtime Environment Temurin-17.0.16+8 (build 17.0.16+8)
    • All Android licenses accepted.

[✓] Chrome - develop for the web [308ms]
    • Chrome at C:\Program Files\Google\Chrome\Application\chrome.exe

[✓] Visual Studio - develop Windows apps (Visual Studio Community 2022 17.14.19) [306ms]
    • Visual Studio at C:\Program Files\Microsoft Visual Studio\2022\Community
    • Visual Studio Community 2022 version 17.14.36623.8
    • Windows 10 SDK version 10.0.26100.0

[✓] Android Studio (version 2025.1.2) [14ms]
    • Android Studio at C:\Program Files\Android\Android Studio
    • Flutter plugin can be installed from:
      🔨 https://plugins.jetbrains.com/plugin/9212-flutter
    • Dart plugin can be installed from:
      🔨 https://plugins.jetbrains.com/plugin/6351-dart
    • Java version OpenJDK Runtime Environment (build 21.0.6+-13391695-b895.109)

[✓] Connected device (3 available) [6.7s]
    • Windows (desktop) • windows • windows-x64    • Microsoft Windows [Version 10.0.19045.6466]
    • Chrome (web)      • chrome  • web-javascript • Google Chrome 148.0.7778.179
    • Edge (web)        • edge    • web-javascript • Microsoft Edge 148.0.3967.83

[✓] Network resources [2.0s]
    • All expected network resources are available.

• No issues found!
```
